[2026-06-29 11:11:48] Preparing worker
Job ID: 20260629111148_00200f6b
PHP: C:\Xampp\php\php.exe
Worker: C:\Xampp\htdocs\WarehouseIssuance\workers\print_picker_worker.php
Job file: C:\Xampp\htdocs\WarehouseIssuance\storage\print_jobs\pick_20260629111148_00200f6b.json
CMD: powershell -NoProfile -ExecutionPolicy Bypass -Command "Start-Process -FilePath  C:\Xampp\php\php.exe  -ArgumentList   C:\Xampp\htdocs\WarehouseIssuance\workers\print_picker_worker.php   C:\Xampp\htdocs\WarehouseIssuance\storage\print_jobs\pick_20260629111148_00200f6b.json   -WindowStyle Hidden"
Exit code: 1
Output: Start-Process : A positional parameter cannot be found that accepts argument 'C:\Xampp\htdocs\WarehouseIssuance\storage\print_jobs\pick_20260629111148_00200f6b.json'. At line:1 char:1 + Start-Process -FilePath  C:\Xampp\php\php.exe  -ArgumentList   C:\Xam ... + ~~~~~~~~~~~~~~~~~~~~~~~~~~~~~~~~~~~~~~~~~~~~~~~~~~~~~~~~~~~~~~~~~~~~~     + CategoryInfo          : InvalidArgument: (:) [Start-Process], ParameterBindingException     + FullyQualifiedErrorId : PositionalParameterNotFound,Microsoft.PowerShell.Commands.StartProcessCommand 
--------------------------------------------------------------------------------
[2026-06-29 11:14:24] Preparing worker
Job ID: 20260629111424_b4bc26a5
PHP: C:\Xampp\php\php.exe
Worker: C:\Xampp\htdocs\WarehouseIssuance\workers\print_picker_worker.php
Job file: C:\Xampp\htdocs\WarehouseIssuance\storage\print_jobs\pick_20260629111424_b4bc26a5.json
CMD: cmd /c start "" /B "C:\Xampp\php\php.exe" "C:\Xampp\htdocs\WarehouseIssuance\workers\print_picker_worker.php" "C:\Xampp\htdocs\WarehouseIssuance\storage\print_jobs\pick_20260629111424_b4bc26a5.json"
Exit code: 0
Output: 
--------------------------------------------------------------------------------
[2026-06-29 11:40:35] Preparing worker
Job ID: 20260629114035_06ef2d55
PHP: C:\Xampp\php\php.exe
Worker: C:\Xampp\htdocs\WarehouseIssuance\workers\print_picker_worker.php
Job file: C:\Xampp\htdocs\WarehouseIssuance\storage\print_jobs\pick_20260629114035_06ef2d55.json
CMD: cmd /c start "" /B "C:\Xampp\php\php.exe" "C:\Xampp\htdocs\WarehouseIssuance\workers\print_picker_worker.php" "C:\Xampp\htdocs\WarehouseIssuance\storage\print_jobs\pick_20260629114035_06ef2d55.json"
Exit code: 0
Output: 
--------------------------------------------------------------------------------
[2026-06-29 11:43:03] Preparing worker
Job ID: 20260629114303_73a36078
PHP: C:\Xampp\php\php.exe
Worker: C:\Xampp\htdocs\WarehouseIssuance\workers\print_picker_worker.php
Job file: C:\Xampp\htdocs\WarehouseIssuance\storage\print_jobs\pick_20260629114303_73a36078.json
CMD: cmd /c start "" /B "C:\Xampp\php\php.exe" "C:\Xampp\htdocs\WarehouseIssuance\workers\print_picker_worker.php" "C:\Xampp\htdocs\WarehouseIssuance\storage\print_jobs\pick_20260629114303_73a36078.json"
Exit code: 0
Output: 
--------------------------------------------------------------------------------
[2026-06-29 11:49:29] Preparing worker
Job ID: 20260629114929_85ab9f10
PHP: C:\Xampp\php\php.exe
Worker: C:\Xampp\htdocs\WarehouseIssuance\workers\print_picker_worker.php
Job file: C:\Xampp\htdocs\WarehouseIssuance\storage\print_jobs\pick_20260629114929_85ab9f10.json
CMD: cmd /c start "" /B "C:\Xampp\php\php.exe" "C:\Xampp\htdocs\WarehouseIssuance\workers\print_picker_worker.php" "C:\Xampp\htdocs\WarehouseIssuance\storage\print_jobs\pick_20260629114929_85ab9f10.json"
Exit code: 0
Output: 
--------------------------------------------------------------------------------
[2026-06-29 12:23:17] Preparing worker
Job ID: 20260629122317_850ba6eb
PHP: C:\Xampp\php\php.exe
Worker: C:\Xampp\htdocs\WarehouseIssuance\workers\print_picker_worker.php
Job file: C:\Xampp\htdocs\WarehouseIssuance\storage\print_jobs\pick_20260629122317_850ba6eb.json
CMD: cmd /c start "" /B "C:\Xampp\php\php.exe" "C:\Xampp\htdocs\WarehouseIssuance\workers\print_picker_worker.php" "C:\Xampp\htdocs\WarehouseIssuance\storage\print_jobs\pick_20260629122317_850ba6eb.json"
Exit code: 0
Output: 
--------------------------------------------------------------------------------
[2026-06-29 12:23:42] Preparing worker
Job ID: 20260629122342_d8a02d55
PHP: C:\Xampp\php\php.exe
Worker: C:\Xampp\htdocs\WarehouseIssuance\workers\print_picker_worker.php
Job file: C:\Xampp\htdocs\WarehouseIssuance\storage\print_jobs\pick_20260629122342_d8a02d55.json
CMD: cmd /c start "" /B "C:\Xampp\php\php.exe" "C:\Xampp\htdocs\WarehouseIssuance\workers\print_picker_worker.php" "C:\Xampp\htdocs\WarehouseIssuance\storage\print_jobs\pick_20260629122342_d8a02d55.json"
Exit code: 0
Output: 
--------------------------------------------------------------------------------
[2026-06-29 12:24:25] Preparing worker
Job ID: 20260629122425_df8ba07b
PHP: C:\Xampp\php\php.exe
Worker: C:\Xampp\htdocs\WarehouseIssuance\workers\print_picker_worker.php
Job file: C:\Xampp\htdocs\WarehouseIssuance\storage\print_jobs\pick_20260629122425_df8ba07b.json
CMD: cmd /c start "" /B "C:\Xampp\php\php.exe" "C:\Xampp\htdocs\WarehouseIssuance\workers\print_picker_worker.php" "C:\Xampp\htdocs\WarehouseIssuance\storage\print_jobs\pick_20260629122425_df8ba07b.json"
Exit code: 0
Output: 
--------------------------------------------------------------------------------
[2026-06-29 12:24:43] Preparing worker
Job ID: 20260629122443_466dbeec
PHP: C:\Xampp\php\php.exe
Worker: C:\Xampp\htdocs\WarehouseIssuance\workers\print_picker_worker.php
Job file: C:\Xampp\htdocs\WarehouseIssuance\storage\print_jobs\pick_20260629122443_466dbeec.json
CMD: cmd /c start "" /B "C:\Xampp\php\php.exe" "C:\Xampp\htdocs\WarehouseIssuance\workers\print_picker_worker.php" "C:\Xampp\htdocs\WarehouseIssuance\storage\print_jobs\pick_20260629122443_466dbeec.json"
Exit code: 0
Output: 
--------------------------------------------------------------------------------
[2026-06-29 12:26:48] Preparing worker
Job ID: 20260629122648_0259d07c
PHP: C:\Xampp\php\php.exe
Worker: C:\Xampp\htdocs\WarehouseIssuance\workers\print_picker_worker.php
Job file: C:\Xampp\htdocs\WarehouseIssuance\storage\print_jobs\pick_20260629122648_0259d07c.json
[2026-06-29 12:26:59] Preparing worker
Job ID: 20260629122659_040e5d42
PHP: C:\Xampp\php\php.exe
Worker: C:\Xampp\htdocs\WarehouseIssuance\workers\print_picker_worker.php
Job file: C:\Xampp\htdocs\WarehouseIssuance\storage\print_jobs\pick_20260629122659_040e5d42.json
CMD: cmd /c start "" /B "C:\Xampp\php\php.exe" "C:\Xampp\htdocs\WarehouseIssuance\workers\print_picker_worker.php" "C:\Xampp\htdocs\WarehouseIssuance\storage\print_jobs\pick_20260629122648_0259d07c.json"
Exit code: 0
Output: 
--------------------------------------------------------------------------------
CMD: cmd /c start "" /B "C:\Xampp\php\php.exe" "C:\Xampp\htdocs\WarehouseIssuance\workers\print_picker_worker.php" "C:\Xampp\htdocs\WarehouseIssuance\storage\print_jobs\pick_20260629122659_040e5d42.json"
Exit code: 0
Output: 
--------------------------------------------------------------------------------
[2026-06-29 12:28:36] Preparing worker
Job ID: 20260629122836_b9380986
PHP: C:\Xampp\php\php.exe
Worker: C:\Xampp\htdocs\WarehouseIssuance\workers\print_picker_worker.php
Job file: C:\Xampp\htdocs\WarehouseIssuance\storage\print_jobs\pick_20260629122836_b9380986.json
CMD: cmd /c start "" /B "C:\Xampp\php\php.exe" "C:\Xampp\htdocs\WarehouseIssuance\workers\print_picker_worker.php" "C:\Xampp\htdocs\WarehouseIssuance\storage\print_jobs\pick_20260629122836_b9380986.json"
Exit code: 0
Output: 
--------------------------------------------------------------------------------
[2026-06-29 12:51:14] Preparing worker
Job ID: 20260629125114_8e65b12f
PHP: C:\Xampp\php\php.exe
Worker: C:\Xampp\htdocs\WarehouseIssuance\workers\print_picker_worker.php
Job file: C:\Xampp\htdocs\WarehouseIssuance\storage\print_jobs\pick_20260629125114_8e65b12f.json
CMD: cmd /c start "" /B "C:\Xampp\php\php.exe" "C:\Xampp\htdocs\WarehouseIssuance\workers\print_picker_worker.php" "C:\Xampp\htdocs\WarehouseIssuance\storage\print_jobs\pick_20260629125114_8e65b12f.json"
Exit code: 0
Output: 
--------------------------------------------------------------------------------
[2026-06-29 08:14:45] Preparing worker
Job ID: 20260629081445_e7393113
PHP: C:\Xampp\php\php.exe
Worker: C:\xampp\htdocs\WarehouseIssuance\workers\print_picker_worker.php
Job file: C:\xampp\htdocs\WarehouseIssuance\storage\print_jobs\pick_20260629081445_e7393113.json
CMD: "C:\Xampp\php\php.exe" "C:\xampp\htdocs\WarehouseIssuance\workers\print_picker_worker.php" "C:\xampp\htdocs\WarehouseIssuance\storage\print_jobs\pick_20260629081445_e7393113.json"
Exit code: 1
Output: 
--------------------------------------------------------------------------------
